[INFO] Scanning for projects...
[INFO] 
[INFO] --< co.edu.udistrital.mdp:MP_202530_G81_E5_ViviendaUniversitaria_Back >--
[INFO] Building MP_202530_G81_E5_ViviendaUniversitaria_Back 0.0.1-SNAPSHOT
[INFO]   from pom.xml
[INFO] --------------------------------[ jar ]---------------------------------
[INFO] 
[INFO] --- clean:3.4.0:clean (default-clean) @ MP_202530_G81_E5_ViviendaUniversitaria_Back ---
[INFO] Deleting C:\Users\Tomas\Documents\Modelos de programacion\ProyectoFinal\MP_202530_G81_E5_ViviendaUniversitaria_Back\target
[INFO] 
[INFO] --- jacoco:0.8.11:prepare-agent (default) @ MP_202530_G81_E5_ViviendaUniversitaria_Back ---
[INFO] argLine set to "-javaagent:C:\\Users\\Tomas\\.m2\\repository\\org\\jacoco\\org.jacoco.agent\\0.8.11\\org.jacoco.agent-0.8.11-runtime.jar=destfile=C:\\Users\\Tomas\\Documents\\Modelos de programacion\\ProyectoFinal\\MP_202530_G81_E5_ViviendaUniversitaria_Back\\target\\jacoco.exec"
[INFO] 
[INFO] --- resources:3.3.1:resources (default-resources) @ MP_202530_G81_E5_ViviendaUniversitaria_Back ---
[INFO] Copying 1 resource from src\main\resources to target\classes
[INFO] Copying 0 resource from src\main\resources to target\classes
[INFO] 
[INFO] --- compiler:3.13.0:compile (default-compile) @ MP_202530_G81_E5_ViviendaUniversitaria_Back ---
[INFO] Recompiling the module because of changed source code.
[INFO] Compiling 97 source files with javac [debug parameters release 21] to target\classes
[INFO] Annotation processing is enabled because one or more processors were found
  on the class path. A future release of javac may disable annotation processing
  unless at least one processor is specified by name (-processor), or a search
  path is specified (--processor-path, --processor-module-path), or annotation
  processing is enabled explicitly (-proc:only, -proc:full).
  Use -Xlint:-options to suppress this message.
  Use -proc:none to disable annotation processing.
[INFO] 
[INFO] --- resources:3.3.1:testResources (default-testResources) @ MP_202530_G81_E5_ViviendaUniversitaria_Back ---
[INFO] skip non existing resourceDirectory C:\Users\Tomas\Documents\Modelos de programacion\ProyectoFinal\MP_202530_G81_E5_ViviendaUniversitaria_Back\src\test\resources
[INFO] 
[INFO] --- compiler:3.13.0:testCompile (default-testCompile) @ MP_202530_G81_E5_ViviendaUniversitaria_Back ---
[INFO] Recompiling the module because of changed dependency.
[INFO] Compiling 18 source files with javac [debug parameters release 21] to target\test-classes
[INFO] Annotation processing is enabled because one or more processors were found
  on the class path. A future release of javac may disable annotation processing
  unless at least one processor is specified by name (-processor), or a search
  path is specified (--processor-path, --processor-module-path), or annotation
  processing is enabled explicitly (-proc:only, -proc:full).
  Use -Xlint:-options to suppress this message.
  Use -proc:none to disable annotation processing.
[INFO] -------------------------------------------------------------
[ERROR] COMPILATION ERROR : 
[INFO] -------------------------------------------------------------
[ERROR] /C:/Users/Tomas/Documents/Modelos de programacion/ProyectoFinal/MP_202530_G81_E5_ViviendaUniversitaria_Back/src/test/java/co/edu/udistrital/mdp/back/MainApplicationTest.java:[3,29] package org.junit.jupiter.api does not exist
[ERROR] /C:/Users/Tomas/Documents/Modelos de programacion/ProyectoFinal/MP_202530_G81_E5_ViviendaUniversitaria_Back/src/test/java/co/edu/udistrital/mdp/back/MainApplicationTest.java:[4,36] package org.junit.jupiter.api does not exist
[ERROR] /C:/Users/Tomas/Documents/Modelos de programacion/ProyectoFinal/MP_202530_G81_E5_ViviendaUniversitaria_Back/src/test/java/co/edu/udistrital/mdp/back/MainApplicationTest.java:[4,1] static import only from classes and interfaces
[ERROR] /C:/Users/Tomas/Documents/Modelos de programacion/ProyectoFinal/MP_202530_G81_E5_ViviendaUniversitaria_Back/src/test/java/co/edu/udistrital/mdp/back/SimpleUnitTest.java:[3,29] package org.junit.jupiter.api does not exist
[ERROR] /C:/Users/Tomas/Documents/Modelos de programacion/ProyectoFinal/MP_202530_G81_E5_ViviendaUniversitaria_Back/src/test/java/co/edu/udistrital/mdp/back/SimpleUnitTest.java:[5,36] package org.junit.jupiter.api does not exist
[ERROR] /C:/Users/Tomas/Documents/Modelos de programacion/ProyectoFinal/MP_202530_G81_E5_ViviendaUniversitaria_Back/src/test/java/co/edu/udistrital/mdp/back/SimpleUnitTest.java:[5,1] static import only from classes and interfaces
[ERROR] /C:/Users/Tomas/Documents/Modelos de programacion/ProyectoFinal/MP_202530_G81_E5_ViviendaUniversitaria_Back/src/test/java/co/edu/udistrital/mdp/back/services/ComentarioServiceTest.java:[11,29] package org.junit.jupiter.api does not exist
[ERROR] /C:/Users/Tomas/Documents/Modelos de programacion/ProyectoFinal/MP_202530_G81_E5_ViviendaUniversitaria_Back/src/test/java/co/edu/udistrital/mdp/back/services/ComentarioServiceTest.java:[12,29] package org.junit.jupiter.api does not exist
[ERROR] /C:/Users/Tomas/Documents/Modelos de programacion/ProyectoFinal/MP_202530_G81_E5_ViviendaUniversitaria_Back/src/test/java/co/edu/udistrital/mdp/back/services/ComentarioServiceTest.java:[13,29] package org.junit.jupiter.api does not exist
[ERROR] /C:/Users/Tomas/Documents/Modelos de programacion/ProyectoFinal/MP_202530_G81_E5_ViviendaUniversitaria_Back/src/test/java/co/edu/udistrital/mdp/back/services/ComentarioServiceTest.java:[14,39] package org.junit.jupiter.api.extension does not exist
[ERROR] /C:/Users/Tomas/Documents/Modelos de programacion/ProyectoFinal/MP_202530_G81_E5_ViviendaUniversitaria_Back/src/test/java/co/edu/udistrital/mdp/back/services/ComentarioServiceTest.java:[15,32] package org.junit.jupiter.params does not exist
[ERROR] /C:/Users/Tomas/Documents/Modelos de programacion/ProyectoFinal/MP_202530_G81_E5_ViviendaUniversitaria_Back/src/test/java/co/edu/udistrital/mdp/back/services/ComentarioServiceTest.java:[16,41] package org.junit.jupiter.params.provider does not exist
[ERROR] /C:/Users/Tomas/Documents/Modelos de programacion/ProyectoFinal/MP_202530_G81_E5_ViviendaUniversitaria_Back/src/test/java/co/edu/udistrital/mdp/back/services/ComentarioServiceTest.java:[17,19] package org.mockito does not exist
[ERROR] /C:/Users/Tomas/Documents/Modelos de programacion/ProyectoFinal/MP_202530_G81_E5_ViviendaUniversitaria_Back/src/test/java/co/edu/udistrital/mdp/back/services/ComentarioServiceTest.java:[18,19] package org.mockito does not exist
[ERROR] /C:/Users/Tomas/Documents/Modelos de programacion/ProyectoFinal/MP_202530_G81_E5_ViviendaUniversitaria_Back/src/test/java/co/edu/udistrital/mdp/back/services/ComentarioServiceTest.java:[19,33] package org.mockito.junit.jupiter does not exist
[ERROR] /C:/Users/Tomas/Documents/Modelos de programacion/ProyectoFinal/MP_202530_G81_E5_ViviendaUniversitaria_Back/src/test/java/co/edu/udistrital/mdp/back/services/ComentarioServiceTest.java:[20,35] package org.assertj.core.api does not exist
[ERROR] /C:/Users/Tomas/Documents/Modelos de programacion/ProyectoFinal/MP_202530_G81_E5_ViviendaUniversitaria_Back/src/test/java/co/edu/udistrital/mdp/back/services/ComentarioServiceTest.java:[20,1] static import only from classes and interfaces
[ERROR] /C:/Users/Tomas/Documents/Modelos de programacion/ProyectoFinal/MP_202530_G81_E5_ViviendaUniversitaria_Back/src/test/java/co/edu/udistrital/mdp/back/services/ComentarioServiceTest.java:[27,36] package org.junit.jupiter.api does not exist
[ERROR] /C:/Users/Tomas/Documents/Modelos de programacion/ProyectoFinal/MP_202530_G81_E5_ViviendaUniversitaria_Back/src/test/java/co/edu/udistrital/mdp/back/services/ComentarioServiceTest.java:[28,26] package org.mockito does not exist
[ERROR] /C:/Users/Tomas/Documents/Modelos de programacion/ProyectoFinal/MP_202530_G81_E5_ViviendaUniversitaria_Back/src/test/java/co/edu/udistrital/mdp/back/services/ComentarioServiceTest.java:[29,26] package org.mockito does not exist
[ERROR] /C:/Users/Tomas/Documents/Modelos de programacion/ProyectoFinal/MP_202530_G81_E5_ViviendaUniversitaria_Back/src/test/java/co/edu/udistrital/mdp/back/services/ComentarioServiceTest.java:[31,2] cannot find symbol
  symbol: class ExtendWith
[ERROR] /C:/Users/Tomas/Documents/Modelos de programacion/ProyectoFinal/MP_202530_G81_E5_ViviendaUniversitaria_Back/src/test/java/co/edu/udistrital/mdp/back/services/ComentarioServiceTest.java:[32,2] cannot find symbol
  symbol: class DisplayName
[ERROR] /C:/Users/Tomas/Documents/Modelos de programacion/ProyectoFinal/MP_202530_G81_E5_ViviendaUniversitaria_Back/src/test/java/co/edu/udistrital/mdp/back/services/ContratoServiceTest.java:[10,29] package org.junit.jupiter.api does not exist
[ERROR] /C:/Users/Tomas/Documents/Modelos de programacion/ProyectoFinal/MP_202530_G81_E5_ViviendaUniversitaria_Back/src/test/java/co/edu/udistrital/mdp/back/services/ContratoServiceTest.java:[11,29] package org.junit.jupiter.api does not exist
[ERROR] /C:/Users/Tomas/Documents/Modelos de programacion/ProyectoFinal/MP_202530_G81_E5_ViviendaUniversitaria_Back/src/test/java/co/edu/udistrital/mdp/back/services/ContratoServiceTest.java:[12,39] package org.junit.jupiter.api.extension does not exist
[ERROR] /C:/Users/Tomas/Documents/Modelos de programacion/ProyectoFinal/MP_202530_G81_E5_ViviendaUniversitaria_Back/src/test/java/co/edu/udistrital/mdp/back/services/ContratoServiceTest.java:[13,19] package org.mockito does not exist
[ERROR] /C:/Users/Tomas/Documents/Modelos de programacion/ProyectoFinal/MP_202530_G81_E5_ViviendaUniversitaria_Back/src/test/java/co/edu/udistrital/mdp/back/services/ContratoServiceTest.java:[14,19] package org.mockito does not exist
[ERROR] /C:/Users/Tomas/Documents/Modelos de programacion/ProyectoFinal/MP_202530_G81_E5_ViviendaUniversitaria_Back/src/test/java/co/edu/udistrital/mdp/back/services/ContratoServiceTest.java:[15,33] package org.mockito.junit.jupiter does not exist
[ERROR] /C:/Users/Tomas/Documents/Modelos de programacion/ProyectoFinal/MP_202530_G81_E5_ViviendaUniversitaria_Back/src/test/java/co/edu/udistrital/mdp/back/services/ContratoServiceTest.java:[16,33] package org.mockito.junit.jupiter does not exist
[ERROR] /C:/Users/Tomas/Documents/Modelos de programacion/ProyectoFinal/MP_202530_G81_E5_ViviendaUniversitaria_Back/src/test/java/co/edu/udistrital/mdp/back/services/ContratoServiceTest.java:[17,27] package org.mockito.quality does not exist
[ERROR] /C:/Users/Tomas/Documents/Modelos de programacion/ProyectoFinal/MP_202530_G81_E5_ViviendaUniversitaria_Back/src/test/java/co/edu/udistrital/mdp/back/services/ContratoServiceTest.java:[23,35] package org.assertj.core.api does not exist
[ERROR] /C:/Users/Tomas/Documents/Modelos de programacion/ProyectoFinal/MP_202530_G81_E5_ViviendaUniversitaria_Back/src/test/java/co/edu/udistrital/mdp/back/services/ContratoServiceTest.java:[23,1] static import only from classes and interfaces
[ERROR] /C:/Users/Tomas/Documents/Modelos de programacion/ProyectoFinal/MP_202530_G81_E5_ViviendaUniversitaria_Back/src/test/java/co/edu/udistrital/mdp/back/services/ContratoServiceTest.java:[24,36] package org.junit.jupiter.api does not exist
[ERROR] /C:/Users/Tomas/Documents/Modelos de programacion/ProyectoFinal/MP_202530_G81_E5_ViviendaUniversitaria_Back/src/test/java/co/edu/udistrital/mdp/back/services/ContratoServiceTest.java:[24,1] static import only from classes and interfaces
[ERROR] /C:/Users/Tomas/Documents/Modelos de programacion/ProyectoFinal/MP_202530_G81_E5_ViviendaUniversitaria_Back/src/test/java/co/edu/udistrital/mdp/back/services/ContratoServiceTest.java:[25,26] package org.mockito does not exist
[ERROR] /C:/Users/Tomas/Documents/Modelos de programacion/ProyectoFinal/MP_202530_G81_E5_ViviendaUniversitaria_Back/src/test/java/co/edu/udistrital/mdp/back/services/ContratoServiceTest.java:[25,1] static import only from classes and interfaces
[ERROR] /C:/Users/Tomas/Documents/Modelos de programacion/ProyectoFinal/MP_202530_G81_E5_ViviendaUniversitaria_Back/src/test/java/co/edu/udistrital/mdp/back/services/ContratoServiceTest.java:[26,26] package org.mockito does not exist
[ERROR] /C:/Users/Tomas/Documents/Modelos de programacion/ProyectoFinal/MP_202530_G81_E5_ViviendaUniversitaria_Back/src/test/java/co/edu/udistrital/mdp/back/services/ContratoServiceTest.java:[26,1] static import only from classes and interfaces
[ERROR] /C:/Users/Tomas/Documents/Modelos de programacion/ProyectoFinal/MP_202530_G81_E5_ViviendaUniversitaria_Back/src/test/java/co/edu/udistrital/mdp/back/services/ContratoServiceTest.java:[27,26] package org.mockito does not exist
[ERROR] /C:/Users/Tomas/Documents/Modelos de programacion/ProyectoFinal/MP_202530_G81_E5_ViviendaUniversitaria_Back/src/test/java/co/edu/udistrital/mdp/back/services/ContratoServiceTest.java:[29,2] cannot find symbol
  symbol: class ExtendWith
[ERROR] /C:/Users/Tomas/Documents/Modelos de programacion/ProyectoFinal/MP_202530_G81_E5_ViviendaUniversitaria_Back/src/test/java/co/edu/udistrital/mdp/back/services/ContratoServiceTest.java:[30,2] cannot find symbol
  symbol: class MockitoSettings
[ERROR] /C:/Users/Tomas/Documents/Modelos de programacion/ProyectoFinal/MP_202530_G81_E5_ViviendaUniversitaria_Back/src/test/java/co/edu/udistrital/mdp/back/services/EstanciaServiceTest.java:[10,29] package org.junit.jupiter.api does not exist
[ERROR] /C:/Users/Tomas/Documents/Modelos de programacion/ProyectoFinal/MP_202530_G81_E5_ViviendaUniversitaria_Back/src/test/java/co/edu/udistrital/mdp/back/services/EstanciaServiceTest.java:[11,29] package org.junit.jupiter.api does not exist
[ERROR] /C:/Users/Tomas/Documents/Modelos de programacion/ProyectoFinal/MP_202530_G81_E5_ViviendaUniversitaria_Back/src/test/java/co/edu/udistrital/mdp/back/services/EstanciaServiceTest.java:[12,39] package org.junit.jupiter.api.extension does not exist
[ERROR] /C:/Users/Tomas/Documents/Modelos de programacion/ProyectoFinal/MP_202530_G81_E5_ViviendaUniversitaria_Back/src/test/java/co/edu/udistrital/mdp/back/services/EstanciaServiceTest.java:[13,19] package org.mockito does not exist
[ERROR] /C:/Users/Tomas/Documents/Modelos de programacion/ProyectoFinal/MP_202530_G81_E5_ViviendaUniversitaria_Back/src/test/java/co/edu/udistrital/mdp/back/services/EstanciaServiceTest.java:[14,19] package org.mockito does not exist
[ERROR] /C:/Users/Tomas/Documents/Modelos de programacion/ProyectoFinal/MP_202530_G81_E5_ViviendaUniversitaria_Back/src/test/java/co/edu/udistrital/mdp/back/services/EstanciaServiceTest.java:[15,33] package org.mockito.junit.jupiter does not exist
[ERROR] /C:/Users/Tomas/Documents/Modelos de programacion/ProyectoFinal/MP_202530_G81_E5_ViviendaUniversitaria_Back/src/test/java/co/edu/udistrital/mdp/back/services/EstanciaServiceTest.java:[16,33] package org.mockito.junit.jupiter does not exist
[ERROR] /C:/Users/Tomas/Documents/Modelos de programacion/ProyectoFinal/MP_202530_G81_E5_ViviendaUniversitaria_Back/src/test/java/co/edu/udistrital/mdp/back/services/EstanciaServiceTest.java:[17,27] package org.mockito.quality does not exist
[ERROR] /C:/Users/Tomas/Documents/Modelos de programacion/ProyectoFinal/MP_202530_G81_E5_ViviendaUniversitaria_Back/src/test/java/co/edu/udistrital/mdp/back/services/EstanciaServiceTest.java:[23,35] package org.assertj.core.api does not exist
[ERROR] /C:/Users/Tomas/Documents/Modelos de programacion/ProyectoFinal/MP_202530_G81_E5_ViviendaUniversitaria_Back/src/test/java/co/edu/udistrital/mdp/back/services/EstanciaServiceTest.java:[23,1] static import only from classes and interfaces
[ERROR] /C:/Users/Tomas/Documents/Modelos de programacion/ProyectoFinal/MP_202530_G81_E5_ViviendaUniversitaria_Back/src/test/java/co/edu/udistrital/mdp/back/services/EstanciaServiceTest.java:[24,36] package org.junit.jupiter.api does not exist
[ERROR] /C:/Users/Tomas/Documents/Modelos de programacion/ProyectoFinal/MP_202530_G81_E5_ViviendaUniversitaria_Back/src/test/java/co/edu/udistrital/mdp/back/services/EstanciaServiceTest.java:[24,1] static import only from classes and interfaces
[ERROR] /C:/Users/Tomas/Documents/Modelos de programacion/ProyectoFinal/MP_202530_G81_E5_ViviendaUniversitaria_Back/src/test/java/co/edu/udistrital/mdp/back/services/EstanciaServiceTest.java:[25,26] package org.mockito does not exist
[ERROR] /C:/Users/Tomas/Documents/Modelos de programacion/ProyectoFinal/MP_202530_G81_E5_ViviendaUniversitaria_Back/src/test/java/co/edu/udistrital/mdp/back/services/EstanciaServiceTest.java:[25,1] static import only from classes and interfaces
[ERROR] /C:/Users/Tomas/Documents/Modelos de programacion/ProyectoFinal/MP_202530_G81_E5_ViviendaUniversitaria_Back/src/test/java/co/edu/udistrital/mdp/back/services/EstanciaServiceTest.java:[26,26] package org.mockito does not exist
[ERROR] /C:/Users/Tomas/Documents/Modelos de programacion/ProyectoFinal/MP_202530_G81_E5_ViviendaUniversitaria_Back/src/test/java/co/edu/udistrital/mdp/back/services/EstanciaServiceTest.java:[28,2] cannot find symbol
  symbol: class ExtendWith
[ERROR] /C:/Users/Tomas/Documents/Modelos de programacion/ProyectoFinal/MP_202530_G81_E5_ViviendaUniversitaria_Back/src/test/java/co/edu/udistrital/mdp/back/services/EstanciaServiceTest.java:[29,2] cannot find symbol
  symbol: class MockitoSettings
[ERROR] /C:/Users/Tomas/Documents/Modelos de programacion/ProyectoFinal/MP_202530_G81_E5_ViviendaUniversitaria_Back/src/test/java/co/edu/udistrital/mdp/back/services/EstudianteServiceTest.java:[5,29] package org.junit.jupiter.api does not exist
[ERROR] /C:/Users/Tomas/Documents/Modelos de programacion/ProyectoFinal/MP_202530_G81_E5_ViviendaUniversitaria_Back/src/test/java/co/edu/udistrital/mdp/back/services/EstudianteServiceTest.java:[6,29] package org.junit.jupiter.api does not exist
[ERROR] /C:/Users/Tomas/Documents/Modelos de programacion/ProyectoFinal/MP_202530_G81_E5_ViviendaUniversitaria_Back/src/test/java/co/edu/udistrital/mdp/back/services/EstudianteServiceTest.java:[7,29] package org.junit.jupiter.api does not exist
[ERROR] /C:/Users/Tomas/Documents/Modelos de programacion/ProyectoFinal/MP_202530_G81_E5_ViviendaUniversitaria_Back/src/test/java/co/edu/udistrital/mdp/back/services/EstudianteServiceTest.java:[8,39] package org.junit.jupiter.api.extension does not exist
[ERROR] /C:/Users/Tomas/Documents/Modelos de programacion/ProyectoFinal/MP_202530_G81_E5_ViviendaUniversitaria_Back/src/test/java/co/edu/udistrital/mdp/back/services/EstudianteServiceTest.java:[10,32] package org.junit.jupiter.params does not exist
[ERROR] /C:/Users/Tomas/Documents/Modelos de programacion/ProyectoFinal/MP_202530_G81_E5_ViviendaUniversitaria_Back/src/test/java/co/edu/udistrital/mdp/back/services/EstudianteServiceTest.java:[11,41] package org.junit.jupiter.params.provider does not exist
[ERROR] /C:/Users/Tomas/Documents/Modelos de programacion/ProyectoFinal/MP_202530_G81_E5_ViviendaUniversitaria_Back/src/test/java/co/edu/udistrital/mdp/back/services/EstudianteServiceTest.java:[12,41] package org.junit.jupiter.params.provider does not exist
[ERROR] /C:/Users/Tomas/Documents/Modelos de programacion/ProyectoFinal/MP_202530_G81_E5_ViviendaUniversitaria_Back/src/test/java/co/edu/udistrital/mdp/back/services/EstudianteServiceTest.java:[13,19] package org.mockito does not exist
[ERROR] /C:/Users/Tomas/Documents/Modelos de programacion/ProyectoFinal/MP_202530_G81_E5_ViviendaUniversitaria_Back/src/test/java/co/edu/udistrital/mdp/back/services/EstudianteServiceTest.java:[14,19] package org.mockito does not exist
[ERROR] /C:/Users/Tomas/Documents/Modelos de programacion/ProyectoFinal/MP_202530_G81_E5_ViviendaUniversitaria_Back/src/test/java/co/edu/udistrital/mdp/back/services/EstudianteServiceTest.java:[15,33] package org.mockito.junit.jupiter does not exist
[ERROR] /C:/Users/Tomas/Documents/Modelos de programacion/ProyectoFinal/MP_202530_G81_E5_ViviendaUniversitaria_Back/src/test/java/co/edu/udistrital/mdp/back/services/EstudianteServiceTest.java:[22,36] package org.junit.jupiter.api does not exist
[ERROR] /C:/Users/Tomas/Documents/Modelos de programacion/ProyectoFinal/MP_202530_G81_E5_ViviendaUniversitaria_Back/src/test/java/co/edu/udistrital/mdp/back/services/EstudianteServiceTest.java:[23,26] package org.mockito does not exist
[ERROR] /C:/Users/Tomas/Documents/Modelos de programacion/ProyectoFinal/MP_202530_G81_E5_ViviendaUniversitaria_Back/src/test/java/co/edu/udistrital/mdp/back/services/EstudianteServiceTest.java:[24,26] package org.mockito does not exist
[ERROR] /C:/Users/Tomas/Documents/Modelos de programacion/ProyectoFinal/MP_202530_G81_E5_ViviendaUniversitaria_Back/src/test/java/co/edu/udistrital/mdp/back/services/EstudianteServiceTest.java:[26,2] cannot find symbol
  symbol: class ExtendWith
[ERROR] /C:/Users/Tomas/Documents/Modelos de programacion/ProyectoFinal/MP_202530_G81_E5_ViviendaUniversitaria_Back/src/test/java/co/edu/udistrital/mdp/back/services/EstudianteServiceTest.java:[98,27] cannot find symbol
  symbol:   class Arguments
  location: class co.edu.udistrital.mdp.back.services.EstudianteServiceTest
[ERROR] /C:/Users/Tomas/Documents/Modelos de programacion/ProyectoFinal/MP_202530_G81_E5_ViviendaUniversitaria_Back/src/test/java/co/edu/udistrital/mdp/back/services/EstudianteServiceTest.java:[300,27] cannot find symbol
  symbol:   class Arguments
  location: class co.edu.udistrital.mdp.back.services.EstudianteServiceTest
[ERROR] /C:/Users/Tomas/Documents/Modelos de programacion/ProyectoFinal/MP_202530_G81_E5_ViviendaUniversitaria_Back/src/test/java/co/edu/udistrital/mdp/back/services/NotificacionServiceTest.java:[4,36] package org.junit.jupiter.api does not exist
[ERROR] /C:/Users/Tomas/Documents/Modelos de programacion/ProyectoFinal/MP_202530_G81_E5_ViviendaUniversitaria_Back/src/test/java/co/edu/udistrital/mdp/back/services/NotificacionServiceTest.java:[5,26] package org.mockito does not exist
[ERROR] /C:/Users/Tomas/Documents/Modelos de programacion/ProyectoFinal/MP_202530_G81_E5_ViviendaUniversitaria_Back/src/test/java/co/edu/udistrital/mdp/back/services/NotificacionServiceTest.java:[11,29] package org.junit.jupiter.api does not exist
[ERROR] /C:/Users/Tomas/Documents/Modelos de programacion/ProyectoFinal/MP_202530_G81_E5_ViviendaUniversitaria_Back/src/test/java/co/edu/udistrital/mdp/back/services/NotificacionServiceTest.java:[12,29] package org.junit.jupiter.api does not exist
[ERROR] /C:/Users/Tomas/Documents/Modelos de programacion/ProyectoFinal/MP_202530_G81_E5_ViviendaUniversitaria_Back/src/test/java/co/edu/udistrital/mdp/back/services/NotificacionServiceTest.java:[13,39] package org.junit.jupiter.api.extension does not exist
[ERROR] /C:/Users/Tomas/Documents/Modelos de programacion/ProyectoFinal/MP_202530_G81_E5_ViviendaUniversitaria_Back/src/test/java/co/edu/udistrital/mdp/back/services/NotificacionServiceTest.java:[14,19] package org.mockito does not exist
[ERROR] /C:/Users/Tomas/Documents/Modelos de programacion/ProyectoFinal/MP_202530_G81_E5_ViviendaUniversitaria_Back/src/test/java/co/edu/udistrital/mdp/back/services/NotificacionServiceTest.java:[15,19] package org.mockito does not exist
[ERROR] /C:/Users/Tomas/Documents/Modelos de programacion/ProyectoFinal/MP_202530_G81_E5_ViviendaUniversitaria_Back/src/test/java/co/edu/udistrital/mdp/back/services/NotificacionServiceTest.java:[16,33] package org.mockito.junit.jupiter does not exist
[ERROR] /C:/Users/Tomas/Documents/Modelos de programacion/ProyectoFinal/MP_202530_G81_E5_ViviendaUniversitaria_Back/src/test/java/co/edu/udistrital/mdp/back/services/NotificacionServiceTest.java:[25,2] cannot find symbol
  symbol: class ExtendWith
[ERROR] /C:/Users/Tomas/Documents/Modelos de programacion/ProyectoFinal/MP_202530_G81_E5_ViviendaUniversitaria_Back/src/test/java/co/edu/udistrital/mdp/back/services/PreferenciaEstudianteServiceTest.java:[4,36] package org.junit.jupiter.api does not exist
[ERROR] /C:/Users/Tomas/Documents/Modelos de programacion/ProyectoFinal/MP_202530_G81_E5_ViviendaUniversitaria_Back/src/test/java/co/edu/udistrital/mdp/back/services/PreferenciaEstudianteServiceTest.java:[5,26] package org.mockito does not exist
[ERROR] /C:/Users/Tomas/Documents/Modelos de programacion/ProyectoFinal/MP_202530_G81_E5_ViviendaUniversitaria_Back/src/test/java/co/edu/udistrital/mdp/back/services/PreferenciaEstudianteServiceTest.java:[11,29] package org.junit.jupiter.api does not exist
[ERROR] /C:/Users/Tomas/Documents/Modelos de programacion/ProyectoFinal/MP_202530_G81_E5_ViviendaUniversitaria_Back/src/test/java/co/edu/udistrital/mdp/back/services/PreferenciaEstudianteServiceTest.java:[12,29] package org.junit.jupiter.api does not exist
[ERROR] /C:/Users/Tomas/Documents/Modelos de programacion/ProyectoFinal/MP_202530_G81_E5_ViviendaUniversitaria_Back/src/test/java/co/edu/udistrital/mdp/back/services/PreferenciaEstudianteServiceTest.java:[13,39] package org.junit.jupiter.api.extension does not exist
[ERROR] /C:/Users/Tomas/Documents/Modelos de programacion/ProyectoFinal/MP_202530_G81_E5_ViviendaUniversitaria_Back/src/test/java/co/edu/udistrital/mdp/back/services/PreferenciaEstudianteServiceTest.java:[14,19] package org.mockito does not exist
[ERROR] /C:/Users/Tomas/Documents/Modelos de programacion/ProyectoFinal/MP_202530_G81_E5_ViviendaUniversitaria_Back/src/test/java/co/edu/udistrital/mdp/back/services/PreferenciaEstudianteServiceTest.java:[15,19] package org.mockito does not exist
[ERROR] /C:/Users/Tomas/Documents/Modelos de programacion/ProyectoFinal/MP_202530_G81_E5_ViviendaUniversitaria_Back/src/test/java/co/edu/udistrital/mdp/back/services/PreferenciaEstudianteServiceTest.java:[16,33] package org.mockito.junit.jupiter does not exist
[ERROR] /C:/Users/Tomas/Documents/Modelos de programacion/ProyectoFinal/MP_202530_G81_E5_ViviendaUniversitaria_Back/src/test/java/co/edu/udistrital/mdp/back/services/PreferenciaEstudianteServiceTest.java:[22,2] cannot find symbol
  symbol: class ExtendWith
[ERROR] /C:/Users/Tomas/Documents/Modelos de programacion/ProyectoFinal/MP_202530_G81_E5_ViviendaUniversitaria_Back/src/test/java/co/edu/udistrital/mdp/back/services/PropietarioServiceTest.java:[8,29] package org.junit.jupiter.api does not exist
[ERROR] /C:/Users/Tomas/Documents/Modelos de programacion/ProyectoFinal/MP_202530_G81_E5_ViviendaUniversitaria_Back/src/test/java/co/edu/udistrital/mdp/back/services/PropietarioServiceTest.java:[9,29] package org.junit.jupiter.api does not exist
[ERROR] /C:/Users/Tomas/Documents/Modelos de programacion/ProyectoFinal/MP_202530_G81_E5_ViviendaUniversitaria_Back/src/test/java/co/edu/udistrital/mdp/back/services/PropietarioServiceTest.java:[10,29] package org.junit.jupiter.api does not exist
[ERROR] /C:/Users/Tomas/Documents/Modelos de programacion/ProyectoFinal/MP_202530_G81_E5_ViviendaUniversitaria_Back/src/test/java/co/edu/udistrital/mdp/back/services/PropietarioServiceTest.java:[11,39] package org.junit.jupiter.api.extension does not exist
[ERROR] /C:/Users/Tomas/Documents/Modelos de programacion/ProyectoFinal/MP_202530_G81_E5_ViviendaUniversitaria_Back/src/test/java/co/edu/udistrital/mdp/back/services/PropietarioServiceTest.java:[13,19] package org.mockito does not exist
[ERROR] /C:/Users/Tomas/Documents/Modelos de programacion/ProyectoFinal/MP_202530_G81_E5_ViviendaUniversitaria_Back/src/test/java/co/edu/udistrital/mdp/back/services/PropietarioServiceTest.java:[14,19] package org.mockito does not exist
[ERROR] /C:/Users/Tomas/Documents/Modelos de programacion/ProyectoFinal/MP_202530_G81_E5_ViviendaUniversitaria_Back/src/test/java/co/edu/udistrital/mdp/back/services/PropietarioServiceTest.java:[15,19] package org.mockito does not exist
[ERROR] /C:/Users/Tomas/Documents/Modelos de programacion/ProyectoFinal/MP_202530_G81_E5_ViviendaUniversitaria_Back/src/test/java/co/edu/udistrital/mdp/back/services/PropietarioServiceTest.java:[16,33] package org.mockito.junit.jupiter does not exist
[INFO] 100 errors 
[INFO] -------------------------------------------------------------
[INFO] ------------------------------------------------------------------------
[INFO] BUILD FAILURE
[INFO] ------------------------------------------------------------------------
[INFO] Total time:  10.413 s
[INFO] Finished at: 2025-12-09T21:07:59-05:00
[INFO] ------------------------------------------------------------------------
[ERROR] Failed to execute goal org.apache.maven.plugins:maven-compiler-plugin:3.13.0:testCompile (default-testCompile) on project MP_202530_G81_E5_ViviendaUniversitaria_Back: Compilation failure: Compilation failure: 
[ERROR] /C:/Users/Tomas/Documents/Modelos de programacion/ProyectoFinal/MP_202530_G81_E5_ViviendaUniversitaria_Back/src/test/java/co/edu/udistrital/mdp/back/MainApplicationTest.java:[3,29] package org.junit.jupiter.api does not exist
[ERROR] /C:/Users/Tomas/Documents/Modelos de programacion/ProyectoFinal/MP_202530_G81_E5_ViviendaUniversitaria_Back/src/test/java/co/edu/udistrital/mdp/back/MainApplicationTest.java:[4,36] package org.junit.jupiter.api does not exist
[ERROR] /C:/Users/Tomas/Documents/Modelos de programacion/ProyectoFinal/MP_202530_G81_E5_ViviendaUniversitaria_Back/src/test/java/co/edu/udistrital/mdp/back/MainApplicationTest.java:[4,1] static import only from classes and interfaces
[ERROR] /C:/Users/Tomas/Documents/Modelos de programacion/ProyectoFinal/MP_202530_G81_E5_ViviendaUniversitaria_Back/src/test/java/co/edu/udistrital/mdp/back/SimpleUnitTest.java:[3,29] package org.junit.jupiter.api does not exist
[ERROR] /C:/Users/Tomas/Documents/Modelos de programacion/ProyectoFinal/MP_202530_G81_E5_ViviendaUniversitaria_Back/src/test/java/co/edu/udistrital/mdp/back/SimpleUnitTest.java:[5,36] package org.junit.jupiter.api does not exist
[ERROR] /C:/Users/Tomas/Documents/Modelos de programacion/ProyectoFinal/MP_202530_G81_E5_ViviendaUniversitaria_Back/src/test/java/co/edu/udistrital/mdp/back/SimpleUnitTest.java:[5,1] static import only from classes and interfaces
[ERROR] /C:/Users/Tomas/Documents/Modelos de programacion/ProyectoFinal/MP_202530_G81_E5_ViviendaUniversitaria_Back/src/test/java/co/edu/udistrital/mdp/back/services/ComentarioServiceTest.java:[11,29] package org.junit.jupiter.api does not exist
[ERROR] /C:/Users/Tomas/Documents/Modelos de programacion/ProyectoFinal/MP_202530_G81_E5_ViviendaUniversitaria_Back/src/test/java/co/edu/udistrital/mdp/back/services/ComentarioServiceTest.java:[12,29] package org.junit.jupiter.api does not exist
[ERROR] /C:/Users/Tomas/Documents/Modelos de programacion/ProyectoFinal/MP_202530_G81_E5_ViviendaUniversitaria_Back/src/test/java/co/edu/udistrital/mdp/back/services/ComentarioServiceTest.java:[13,29] package org.junit.jupiter.api does not exist
[ERROR] /C:/Users/Tomas/Documents/Modelos de programacion/ProyectoFinal/MP_202530_G81_E5_ViviendaUniversitaria_Back/src/test/java/co/edu/udistrital/mdp/back/services/ComentarioServiceTest.java:[14,39] package org.junit.jupiter.api.extension does not exist
[ERROR] /C:/Users/Tomas/Documents/Modelos de programacion/ProyectoFinal/MP_202530_G81_E5_ViviendaUniversitaria_Back/src/test/java/co/edu/udistrital/mdp/back/services/ComentarioServiceTest.java:[15,32] package org.junit.jupiter.params does not exist
[ERROR] /C:/Users/Tomas/Documents/Modelos de programacion/ProyectoFinal/MP_202530_G81_E5_ViviendaUniversitaria_Back/src/test/java/co/edu/udistrital/mdp/back/services/ComentarioServiceTest.java:[16,41] package org.junit.jupiter.params.provider does not exist
[ERROR] /C:/Users/Tomas/Documents/Modelos de programacion/ProyectoFinal/MP_202530_G81_E5_ViviendaUniversitaria_Back/src/test/java/co/edu/udistrital/mdp/back/services/ComentarioServiceTest.java:[17,19] package org.mockito does not exist
[ERROR] /C:/Users/Tomas/Documents/Modelos de programacion/ProyectoFinal/MP_202530_G81_E5_ViviendaUniversitaria_Back/src/test/java/co/edu/udistrital/mdp/back/services/ComentarioServiceTest.java:[18,19] package org.mockito does not exist
[ERROR] /C:/Users/Tomas/Documents/Modelos de programacion/ProyectoFinal/MP_202530_G81_E5_ViviendaUniversitaria_Back/src/test/java/co/edu/udistrital/mdp/back/services/ComentarioServiceTest.java:[19,33] package org.mockito.junit.jupiter does not exist
[ERROR] /C:/Users/Tomas/Documents/Modelos de programacion/ProyectoFinal/MP_202530_G81_E5_ViviendaUniversitaria_Back/src/test/java/co/edu/udistrital/mdp/back/services/ComentarioServiceTest.java:[20,35] package org.assertj.core.api does not exist
[ERROR] /C:/Users/Tomas/Documents/Modelos de programacion/ProyectoFinal/MP_202530_G81_E5_ViviendaUniversitaria_Back/src/test/java/co/edu/udistrital/mdp/back/services/ComentarioServiceTest.java:[20,1] static import only from classes and interfaces
[ERROR] /C:/Users/Tomas/Documents/Modelos de programacion/ProyectoFinal/MP_202530_G81_E5_ViviendaUniversitaria_Back/src/test/java/co/edu/udistrital/mdp/back/services/ComentarioServiceTest.java:[27,36] package org.junit.jupiter.api does not exist
[ERROR] /C:/Users/Tomas/Documents/Modelos de programacion/ProyectoFinal/MP_202530_G81_E5_ViviendaUniversitaria_Back/src/test/java/co/edu/udistrital/mdp/back/services/ComentarioServiceTest.java:[28,26] package org.mockito does not exist
[ERROR] /C:/Users/Tomas/Documents/Modelos de programacion/ProyectoFinal/MP_202530_G81_E5_ViviendaUniversitaria_Back/src/test/java/co/edu/udistrital/mdp/back/services/ComentarioServiceTest.java:[29,26] package org.mockito does not exist
[ERROR] /C:/Users/Tomas/Documents/Modelos de programacion/ProyectoFinal/MP_202530_G81_E5_ViviendaUniversitaria_Back/src/test/java/co/edu/udistrital/mdp/back/services/ComentarioServiceTest.java:[31,2] cannot find symbol
[ERROR]   symbol: class ExtendWith
[ERROR] /C:/Users/Tomas/Documents/Modelos de programacion/ProyectoFinal/MP_202530_G81_E5_ViviendaUniversitaria_Back/src/test/java/co/edu/udistrital/mdp/back/services/ComentarioServiceTest.java:[32,2] cannot find symbol
[ERROR]   symbol: class DisplayName
[ERROR] /C:/Users/Tomas/Documents/Modelos de programacion/ProyectoFinal/MP_202530_G81_E5_ViviendaUniversitaria_Back/src/test/java/co/edu/udistrital/mdp/back/services/ContratoServiceTest.java:[10,29] package org.junit.jupiter.api does not exist
[ERROR] /C:/Users/Tomas/Documents/Modelos de programacion/ProyectoFinal/MP_202530_G81_E5_ViviendaUniversitaria_Back/src/test/java/co/edu/udistrital/mdp/back/services/ContratoServiceTest.java:[11,29] package org.junit.jupiter.api does not exist
[ERROR] /C:/Users/Tomas/Documents/Modelos de programacion/ProyectoFinal/MP_202530_G81_E5_ViviendaUniversitaria_Back/src/test/java/co/edu/udistrital/mdp/back/services/ContratoServiceTest.java:[12,39] package org.junit.jupiter.api.extension does not exist
[ERROR] /C:/Users/Tomas/Documents/Modelos de programacion/ProyectoFinal/MP_202530_G81_E5_ViviendaUniversitaria_Back/src/test/java/co/edu/udistrital/mdp/back/services/ContratoServiceTest.java:[13,19] package org.mockito does not exist
[ERROR] /C:/Users/Tomas/Documents/Modelos de programacion/ProyectoFinal/MP_202530_G81_E5_ViviendaUniversitaria_Back/src/test/java/co/edu/udistrital/mdp/back/services/ContratoServiceTest.java:[14,19] package org.mockito does not exist
[ERROR] /C:/Users/Tomas/Documents/Modelos de programacion/ProyectoFinal/MP_202530_G81_E5_ViviendaUniversitaria_Back/src/test/java/co/edu/udistrital/mdp/back/services/ContratoServiceTest.java:[15,33] package org.mockito.junit.jupiter does not exist
[ERROR] /C:/Users/Tomas/Documents/Modelos de programacion/ProyectoFinal/MP_202530_G81_E5_ViviendaUniversitaria_Back/src/test/java/co/edu/udistrital/mdp/back/services/ContratoServiceTest.java:[16,33] package org.mockito.junit.jupiter does not exist
[ERROR] /C:/Users/Tomas/Documents/Modelos de programacion/ProyectoFinal/MP_202530_G81_E5_ViviendaUniversitaria_Back/src/test/java/co/edu/udistrital/mdp/back/services/ContratoServiceTest.java:[17,27] package org.mockito.quality does not exist
[ERROR] /C:/Users/Tomas/Documents/Modelos de programacion/ProyectoFinal/MP_202530_G81_E5_ViviendaUniversitaria_Back/src/test/java/co/edu/udistrital/mdp/back/services/ContratoServiceTest.java:[23,35] package org.assertj.core.api does not exist
[ERROR] /C:/Users/Tomas/Documents/Modelos de programacion/ProyectoFinal/MP_202530_G81_E5_ViviendaUniversitaria_Back/src/test/java/co/edu/udistrital/mdp/back/services/ContratoServiceTest.java:[23,1] static import only from classes and interfaces
[ERROR] /C:/Users/Tomas/Documents/Modelos de programacion/ProyectoFinal/MP_202530_G81_E5_ViviendaUniversitaria_Back/src/test/java/co/edu/udistrital/mdp/back/services/ContratoServiceTest.java:[24,36] package org.junit.jupiter.api does not exist
[ERROR] /C:/Users/Tomas/Documents/Modelos de programacion/ProyectoFinal/MP_202530_G81_E5_ViviendaUniversitaria_Back/src/test/java/co/edu/udistrital/mdp/back/services/ContratoServiceTest.java:[24,1] static import only from classes and interfaces
[ERROR] /C:/Users/Tomas/Documents/Modelos de programacion/ProyectoFinal/MP_202530_G81_E5_ViviendaUniversitaria_Back/src/test/java/co/edu/udistrital/mdp/back/services/ContratoServiceTest.java:[25,26] package org.mockito does not exist
[ERROR] /C:/Users/Tomas/Documents/Modelos de programacion/ProyectoFinal/MP_202530_G81_E5_ViviendaUniversitaria_Back/src/test/java/co/edu/udistrital/mdp/back/services/ContratoServiceTest.java:[25,1] static import only from classes and interfaces
[ERROR] /C:/Users/Tomas/Documents/Modelos de programacion/ProyectoFinal/MP_202530_G81_E5_ViviendaUniversitaria_Back/src/test/java/co/edu/udistrital/mdp/back/services/ContratoServiceTest.java:[26,26] package org.mockito does not exist
[ERROR] /C:/Users/Tomas/Documents/Modelos de programacion/ProyectoFinal/MP_202530_G81_E5_ViviendaUniversitaria_Back/src/test/java/co/edu/udistrital/mdp/back/services/ContratoServiceTest.java:[26,1] static import only from classes and interfaces
[ERROR] /C:/Users/Tomas/Documents/Modelos de programacion/ProyectoFinal/MP_202530_G81_E5_ViviendaUniversitaria_Back/src/test/java/co/edu/udistrital/mdp/back/services/ContratoServiceTest.java:[27,26] package org.mockito does not exist
[ERROR] /C:/Users/Tomas/Documents/Modelos de programacion/ProyectoFinal/MP_202530_G81_E5_ViviendaUniversitaria_Back/src/test/java/co/edu/udistrital/mdp/back/services/ContratoServiceTest.java:[29,2] cannot find symbol
[ERROR]   symbol: class ExtendWith
[ERROR] /C:/Users/Tomas/Documents/Modelos de programacion/ProyectoFinal/MP_202530_G81_E5_ViviendaUniversitaria_Back/src/test/java/co/edu/udistrital/mdp/back/services/ContratoServiceTest.java:[30,2] cannot find symbol
[ERROR]   symbol: class MockitoSettings
[ERROR] /C:/Users/Tomas/Documents/Modelos de programacion/ProyectoFinal/MP_202530_G81_E5_ViviendaUniversitaria_Back/src/test/java/co/edu/udistrital/mdp/back/services/EstanciaServiceTest.java:[10,29] package org.junit.jupiter.api does not exist
[ERROR] /C:/Users/Tomas/Documents/Modelos de programacion/ProyectoFinal/MP_202530_G81_E5_ViviendaUniversitaria_Back/src/test/java/co/edu/udistrital/mdp/back/services/EstanciaServiceTest.java:[11,29] package org.junit.jupiter.api does not exist
[ERROR] /C:/Users/Tomas/Documents/Modelos de programacion/ProyectoFinal/MP_202530_G81_E5_ViviendaUniversitaria_Back/src/test/java/co/edu/udistrital/mdp/back/services/EstanciaServiceTest.java:[12,39] package org.junit.jupiter.api.extension does not exist
[ERROR] /C:/Users/Tomas/Documents/Modelos de programacion/ProyectoFinal/MP_202530_G81_E5_ViviendaUniversitaria_Back/src/test/java/co/edu/udistrital/mdp/back/services/EstanciaServiceTest.java:[13,19] package org.mockito does not exist
[ERROR] /C:/Users/Tomas/Documents/Modelos de programacion/ProyectoFinal/MP_202530_G81_E5_ViviendaUniversitaria_Back/src/test/java/co/edu/udistrital/mdp/back/services/EstanciaServiceTest.java:[14,19] package org.mockito does not exist
[ERROR] /C:/Users/Tomas/Documents/Modelos de programacion/ProyectoFinal/MP_202530_G81_E5_ViviendaUniversitaria_Back/src/test/java/co/edu/udistrital/mdp/back/services/EstanciaServiceTest.java:[15,33] package org.mockito.junit.jupiter does not exist
[ERROR] /C:/Users/Tomas/Documents/Modelos de programacion/ProyectoFinal/MP_202530_G81_E5_ViviendaUniversitaria_Back/src/test/java/co/edu/udistrital/mdp/back/services/EstanciaServiceTest.java:[16,33] package org.mockito.junit.jupiter does not exist
[ERROR] /C:/Users/Tomas/Documents/Modelos de programacion/ProyectoFinal/MP_202530_G81_E5_ViviendaUniversitaria_Back/src/test/java/co/edu/udistrital/mdp/back/services/EstanciaServiceTest.java:[17,27] package org.mockito.quality does not exist
[ERROR] /C:/Users/Tomas/Documents/Modelos de programacion/ProyectoFinal/MP_202530_G81_E5_ViviendaUniversitaria_Back/src/test/java/co/edu/udistrital/mdp/back/services/EstanciaServiceTest.java:[23,35] package org.assertj.core.api does not exist
[ERROR] /C:/Users/Tomas/Documents/Modelos de programacion/ProyectoFinal/MP_202530_G81_E5_ViviendaUniversitaria_Back/src/test/java/co/edu/udistrital/mdp/back/services/EstanciaServiceTest.java:[23,1] static import only from classes and interfaces
[ERROR] /C:/Users/Tomas/Documents/Modelos de programacion/ProyectoFinal/MP_202530_G81_E5_ViviendaUniversitaria_Back/src/test/java/co/edu/udistrital/mdp/back/services/EstanciaServiceTest.java:[24,36] package org.junit.jupiter.api does not exist
[ERROR] /C:/Users/Tomas/Documents/Modelos de programacion/ProyectoFinal/MP_202530_G81_E5_ViviendaUniversitaria_Back/src/test/java/co/edu/udistrital/mdp/back/services/EstanciaServiceTest.java:[24,1] static import only from classes and interfaces
[ERROR] /C:/Users/Tomas/Documents/Modelos de programacion/ProyectoFinal/MP_202530_G81_E5_ViviendaUniversitaria_Back/src/test/java/co/edu/udistrital/mdp/back/services/EstanciaServiceTest.java:[25,26] package org.mockito does not exist
[ERROR] /C:/Users/Tomas/Documents/Modelos de programacion/ProyectoFinal/MP_202530_G81_E5_ViviendaUniversitaria_Back/src/test/java/co/edu/udistrital/mdp/back/services/EstanciaServiceTest.java:[25,1] static import only from classes and interfaces
[ERROR] /C:/Users/Tomas/Documents/Modelos de programacion/ProyectoFinal/MP_202530_G81_E5_ViviendaUniversitaria_Back/src/test/java/co/edu/udistrital/mdp/back/services/EstanciaServiceTest.java:[26,26] package org.mockito does not exist
[ERROR] /C:/Users/Tomas/Documents/Modelos de programacion/ProyectoFinal/MP_202530_G81_E5_ViviendaUniversitaria_Back/src/test/java/co/edu/udistrital/mdp/back/services/EstanciaServiceTest.java:[28,2] cannot find symbol
[ERROR]   symbol: class ExtendWith
[ERROR] /C:/Users/Tomas/Documents/Modelos de programacion/ProyectoFinal/MP_202530_G81_E5_ViviendaUniversitaria_Back/src/test/java/co/edu/udistrital/mdp/back/services/EstanciaServiceTest.java:[29,2] cannot find symbol
[ERROR]   symbol: class MockitoSettings
[ERROR] /C:/Users/Tomas/Documents/Modelos de programacion/ProyectoFinal/MP_202530_G81_E5_ViviendaUniversitaria_Back/src/test/java/co/edu/udistrital/mdp/back/services/EstudianteServiceTest.java:[5,29] package org.junit.jupiter.api does not exist
[ERROR] /C:/Users/Tomas/Documents/Modelos de programacion/ProyectoFinal/MP_202530_G81_E5_ViviendaUniversitaria_Back/src/test/java/co/edu/udistrital/mdp/back/services/EstudianteServiceTest.java:[6,29] package org.junit.jupiter.api does not exist
[ERROR] /C:/Users/Tomas/Documents/Modelos de programacion/ProyectoFinal/MP_202530_G81_E5_ViviendaUniversitaria_Back/src/test/java/co/edu/udistrital/mdp/back/services/EstudianteServiceTest.java:[7,29] package org.junit.jupiter.api does not exist
[ERROR] /C:/Users/Tomas/Documents/Modelos de programacion/ProyectoFinal/MP_202530_G81_E5_ViviendaUniversitaria_Back/src/test/java/co/edu/udistrital/mdp/back/services/EstudianteServiceTest.java:[8,39] package org.junit.jupiter.api.extension does not exist
[ERROR] /C:/Users/Tomas/Documents/Modelos de programacion/ProyectoFinal/MP_202530_G81_E5_ViviendaUniversitaria_Back/src/test/java/co/edu/udistrital/mdp/back/services/EstudianteServiceTest.java:[10,32] package org.junit.jupiter.params does not exist
[ERROR] /C:/Users/Tomas/Documents/Modelos de programacion/ProyectoFinal/MP_202530_G81_E5_ViviendaUniversitaria_Back/src/test/java/co/edu/udistrital/mdp/back/services/EstudianteServiceTest.java:[11,41] package org.junit.jupiter.params.provider does not exist
[ERROR] /C:/Users/Tomas/Documents/Modelos de programacion/ProyectoFinal/MP_202530_G81_E5_ViviendaUniversitaria_Back/src/test/java/co/edu/udistrital/mdp/back/services/EstudianteServiceTest.java:[12,41] package org.junit.jupiter.params.provider does not exist
[ERROR] /C:/Users/Tomas/Documents/Modelos de programacion/ProyectoFinal/MP_202530_G81_E5_ViviendaUniversitaria_Back/src/test/java/co/edu/udistrital/mdp/back/services/EstudianteServiceTest.java:[13,19] package org.mockito does not exist
[ERROR] /C:/Users/Tomas/Documents/Modelos de programacion/ProyectoFinal/MP_202530_G81_E5_ViviendaUniversitaria_Back/src/test/java/co/edu/udistrital/mdp/back/services/EstudianteServiceTest.java:[14,19] package org.mockito does not exist
[ERROR] /C:/Users/Tomas/Documents/Modelos de programacion/ProyectoFinal/MP_202530_G81_E5_ViviendaUniversitaria_Back/src/test/java/co/edu/udistrital/mdp/back/services/EstudianteServiceTest.java:[15,33] package org.mockito.junit.jupiter does not exist
[ERROR] /C:/Users/Tomas/Documents/Modelos de programacion/ProyectoFinal/MP_202530_G81_E5_ViviendaUniversitaria_Back/src/test/java/co/edu/udistrital/mdp/back/services/EstudianteServiceTest.java:[22,36] package org.junit.jupiter.api does not exist
[ERROR] /C:/Users/Tomas/Documents/Modelos de programacion/ProyectoFinal/MP_202530_G81_E5_ViviendaUniversitaria_Back/src/test/java/co/edu/udistrital/mdp/back/services/EstudianteServiceTest.java:[23,26] package org.mockito does not exist
[ERROR] /C:/Users/Tomas/Documents/Modelos de programacion/ProyectoFinal/MP_202530_G81_E5_ViviendaUniversitaria_Back/src/test/java/co/edu/udistrital/mdp/back/services/EstudianteServiceTest.java:[24,26] package org.mockito does not exist
[ERROR] /C:/Users/Tomas/Documents/Modelos de programacion/ProyectoFinal/MP_202530_G81_E5_ViviendaUniversitaria_Back/src/test/java/co/edu/udistrital/mdp/back/services/EstudianteServiceTest.java:[26,2] cannot find symbol
[ERROR]   symbol: class ExtendWith
[ERROR] /C:/Users/Tomas/Documents/Modelos de programacion/ProyectoFinal/MP_202530_G81_E5_ViviendaUniversitaria_Back/src/test/java/co/edu/udistrital/mdp/back/services/EstudianteServiceTest.java:[98,27] cannot find symbol
[ERROR]   symbol:   class Arguments
[ERROR]   location: class co.edu.udistrital.mdp.back.services.EstudianteServiceTest
[ERROR] /C:/Users/Tomas/Documents/Modelos de programacion/ProyectoFinal/MP_202530_G81_E5_ViviendaUniversitaria_Back/src/test/java/co/edu/udistrital/mdp/back/services/EstudianteServiceTest.java:[300,27] cannot find symbol
[ERROR]   symbol:   class Arguments
[ERROR]   location: class co.edu.udistrital.mdp.back.services.EstudianteServiceTest
[ERROR] /C:/Users/Tomas/Documents/Modelos de programacion/ProyectoFinal/MP_202530_G81_E5_ViviendaUniversitaria_Back/src/test/java/co/edu/udistrital/mdp/back/services/NotificacionServiceTest.java:[4,36] package org.junit.jupiter.api does not exist
[ERROR] /C:/Users/Tomas/Documents/Modelos de programacion/ProyectoFinal/MP_202530_G81_E5_ViviendaUniversitaria_Back/src/test/java/co/edu/udistrital/mdp/back/services/NotificacionServiceTest.java:[5,26] package org.mockito does not exist
[ERROR] /C:/Users/Tomas/Documents/Modelos de programacion/ProyectoFinal/MP_202530_G81_E5_ViviendaUniversitaria_Back/src/test/java/co/edu/udistrital/mdp/back/services/NotificacionServiceTest.java:[11,29] package org.junit.jupiter.api does not exist
[ERROR] /C:/Users/Tomas/Documents/Modelos de programacion/ProyectoFinal/MP_202530_G81_E5_ViviendaUniversitaria_Back/src/test/java/co/edu/udistrital/mdp/back/services/NotificacionServiceTest.java:[12,29] package org.junit.jupiter.api does not exist
[ERROR] /C:/Users/Tomas/Documents/Modelos de programacion/ProyectoFinal/MP_202530_G81_E5_ViviendaUniversitaria_Back/src/test/java/co/edu/udistrital/mdp/back/services/NotificacionServiceTest.java:[13,39] package org.junit.jupiter.api.extension does not exist
[ERROR] /C:/Users/Tomas/Documents/Modelos de programacion/ProyectoFinal/MP_202530_G81_E5_ViviendaUniversitaria_Back/src/test/java/co/edu/udistrital/mdp/back/services/NotificacionServiceTest.java:[14,19] package org.mockito does not exist
[ERROR] /C:/Users/Tomas/Documents/Modelos de programacion/ProyectoFinal/MP_202530_G81_E5_ViviendaUniversitaria_Back/src/test/java/co/edu/udistrital/mdp/back/services/NotificacionServiceTest.java:[15,19] package org.mockito does not exist
[ERROR] /C:/Users/Tomas/Documents/Modelos de programacion/ProyectoFinal/MP_202530_G81_E5_ViviendaUniversitaria_Back/src/test/java/co/edu/udistrital/mdp/back/services/NotificacionServiceTest.java:[16,33] package org.mockito.junit.jupiter does not exist
[ERROR] /C:/Users/Tomas/Documents/Modelos de programacion/ProyectoFinal/MP_202530_G81_E5_ViviendaUniversitaria_Back/src/test/java/co/edu/udistrital/mdp/back/services/NotificacionServiceTest.java:[25,2] cannot find symbol
[ERROR]   symbol: class ExtendWith
[ERROR] /C:/Users/Tomas/Documents/Modelos de programacion/ProyectoFinal/MP_202530_G81_E5_ViviendaUniversitaria_Back/src/test/java/co/edu/udistrital/mdp/back/services/PreferenciaEstudianteServiceTest.java:[4,36] package org.junit.jupiter.api does not exist
[ERROR] /C:/Users/Tomas/Documents/Modelos de programacion/ProyectoFinal/MP_202530_G81_E5_ViviendaUniversitaria_Back/src/test/java/co/edu/udistrital/mdp/back/services/PreferenciaEstudianteServiceTest.java:[5,26] package org.mockito does not exist
[ERROR] /C:/Users/Tomas/Documents/Modelos de programacion/ProyectoFinal/MP_202530_G81_E5_ViviendaUniversitaria_Back/src/test/java/co/edu/udistrital/mdp/back/services/PreferenciaEstudianteServiceTest.java:[11,29] package org.junit.jupiter.api does not exist
[ERROR] /C:/Users/Tomas/Documents/Modelos de programacion/ProyectoFinal/MP_202530_G81_E5_ViviendaUniversitaria_Back/src/test/java/co/edu/udistrital/mdp/back/services/PreferenciaEstudianteServiceTest.java:[12,29] package org.junit.jupiter.api does not exist
[ERROR] /C:/Users/Tomas/Documents/Modelos de programacion/ProyectoFinal/MP_202530_G81_E5_ViviendaUniversitaria_Back/src/test/java/co/edu/udistrital/mdp/back/services/PreferenciaEstudianteServiceTest.java:[13,39] package org.junit.jupiter.api.extension does not exist
[ERROR] /C:/Users/Tomas/Documents/Modelos de programacion/ProyectoFinal/MP_202530_G81_E5_ViviendaUniversitaria_Back/src/test/java/co/edu/udistrital/mdp/back/services/PreferenciaEstudianteServiceTest.java:[14,19] package org.mockito does not exist
[ERROR] /C:/Users/Tomas/Documents/Modelos de programacion/ProyectoFinal/MP_202530_G81_E5_ViviendaUniversitaria_Back/src/test/java/co/edu/udistrital/mdp/back/services/PreferenciaEstudianteServiceTest.java:[15,19] package org.mockito does not exist
[ERROR] /C:/Users/Tomas/Documents/Modelos de programacion/ProyectoFinal/MP_202530_G81_E5_ViviendaUniversitaria_Back/src/test/java/co/edu/udistrital/mdp/back/services/PreferenciaEstudianteServiceTest.java:[16,33] package org.mockito.junit.jupiter does not exist
[ERROR] /C:/Users/Tomas/Documents/Modelos de programacion/ProyectoFinal/MP_202530_G81_E5_ViviendaUniversitaria_Back/src/test/java/co/edu/udistrital/mdp/back/services/PreferenciaEstudianteServiceTest.java:[22,2] cannot find symbol
[ERROR]   symbol: class ExtendWith
[ERROR] /C:/Users/Tomas/Documents/Modelos de programacion/ProyectoFinal/MP_202530_G81_E5_ViviendaUniversitaria_Back/src/test/java/co/edu/udistrital/mdp/back/services/PropietarioServiceTest.java:[8,29] package org.junit.jupiter.api does not exist
[ERROR] /C:/Users/Tomas/Documents/Modelos de programacion/ProyectoFinal/MP_202530_G81_E5_ViviendaUniversitaria_Back/src/test/java/co/edu/udistrital/mdp/back/services/PropietarioServiceTest.java:[9,29] package org.junit.jupiter.api does not exist
[ERROR] /C:/Users/Tomas/Documents/Modelos de programacion/ProyectoFinal/MP_202530_G81_E5_ViviendaUniversitaria_Back/src/test/java/co/edu/udistrital/mdp/back/services/PropietarioServiceTest.java:[10,29] package org.junit.jupiter.api does not exist
[ERROR] /C:/Users/Tomas/Documents/Modelos de programacion/ProyectoFinal/MP_202530_G81_E5_ViviendaUniversitaria_Back/src/test/java/co/edu/udistrital/mdp/back/services/PropietarioServiceTest.java:[11,39] package org.junit.jupiter.api.extension does not exist
[ERROR] /C:/Users/Tomas/Documents/Modelos de programacion/ProyectoFinal/MP_202530_G81_E5_ViviendaUniversitaria_Back/src/test/java/co/edu/udistrital/mdp/back/services/PropietarioServiceTest.java:[13,19] package org.mockito does not exist
[ERROR] /C:/Users/Tomas/Documents/Modelos de programacion/ProyectoFinal/MP_202530_G81_E5_ViviendaUniversitaria_Back/src/test/java/co/edu/udistrital/mdp/back/services/PropietarioServiceTest.java:[14,19] package org.mockito does not exist
[ERROR] /C:/Users/Tomas/Documents/Modelos de programacion/ProyectoFinal/MP_202530_G81_E5_ViviendaUniversitaria_Back/src/test/java/co/edu/udistrital/mdp/back/services/PropietarioServiceTest.java:[15,19] package org.mockito does not exist
[ERROR] /C:/Users/Tomas/Documents/Modelos de programacion/ProyectoFinal/MP_202530_G81_E5_ViviendaUniversitaria_Back/src/test/java/co/edu/udistrital/mdp/back/services/PropietarioServiceTest.java:[16,33] package org.mockito.junit.jupiter does not exist
[ERROR] -> [Help 1]
[ERROR] 
[ERROR] To see the full stack trace of the errors, re-run Maven with the -e switch.
[ERROR] Re-run Maven using the -X switch to enable full debug logging.
[ERROR] 
[ERROR] For more information about the errors and possible solutions, please read the following articles:
[ERROR] [Help 1] http://cwiki.apache.org/confluence/display/MAVEN/MojoFailureException
