[INFO] Scanning for projects...
[INFO] 
[INFO] --< co.edu.udistrital.mdp:MP_202530_G81_E5_ViviendaUniversitaria_Back >--
[INFO] Building MP_202530_G81_E5_ViviendaUniversitaria_Back 0.0.1-SNAPSHOT
[INFO]   from pom.xml
[INFO] --------------------------------[ jar ]---------------------------------
[INFO] 
[INFO] --- clean:3.4.0:clean (default-clean) @ MP_202530_G81_E5_ViviendaUniversitaria_Back ---
[INFO] Deleting C:\Users\Tomas\Documents\Modelos de programacion\ProyectoFinal\MP_202530_G81_E5_ViviendaUniversitaria_Back\target
[INFO] 
[INFO] --- jacoco:0.8.11:prepare-agent (default) @ MP_202530_G81_E5_ViviendaUniversitaria_Back ---
[INFO] argLine set to "-javaagent:C:\\Users\\Tomas\\.m2\\repository\\org\\jacoco\\org.jacoco.agent\\0.8.11\\org.jacoco.agent-0.8.11-runtime.jar=destfile=C:\\Users\\Tomas\\Documents\\Modelos de programacion\\ProyectoFinal\\MP_202530_G81_E5_ViviendaUniversitaria_Back\\target\\jacoco.exec"
[INFO] 
[INFO] --- resources:3.3.1:resources (default-resources) @ MP_202530_G81_E5_ViviendaUniversitaria_Back ---
[INFO] Copying 1 resource from src\main\resources to target\classes
[INFO] Copying 0 resource from src\main\resources to target\classes
[INFO] 
[INFO] --- compiler:3.13.0:compile (default-compile) @ MP_202530_G81_E5_ViviendaUniversitaria_Back ---
[INFO] Recompiling the module because of changed source code.
[INFO] Compiling 97 source files with javac [debug parameters release 21] to target\classes
[INFO] Annotation processing is enabled because one or more processors were found
  on the class path. A future release of javac may disable annotation processing
  unless at least one processor is specified by name (-processor), or a search
  path is specified (--processor-path, --processor-module-path), or annotation
  processing is enabled explicitly (-proc:only, -proc:full).
  Use -Xlint:-options to suppress this message.
  Use -proc:none to disable annotation processing.
[INFO] -------------------------------------------------------------
[ERROR] COMPILATION ERROR : 
[INFO] -------------------------------------------------------------
[ERROR] /C:/Users/Tomas/Documents/Modelos de programacion/ProyectoFinal/MP_202530_G81_E5_ViviendaUniversitaria_Back/src/main/java/co/edu/udistrital/mdp/back/controllers/ViviendaController.java:[166,35] cannot find symbol
  symbol:   class MultipartFile
  location: class co.edu.udistrital.mdp.back.controllers.ViviendaController
[ERROR] /C:/Users/Tomas/Documents/Modelos de programacion/ProyectoFinal/MP_202530_G81_E5_ViviendaUniversitaria_Back/src/main/java/co/edu/udistrital/mdp/back/controllers/ViviendaController.java:[164,12] cannot find symbol
  symbol:   class MultimediaDTO
  location: class co.edu.udistrital.mdp.back.controllers.ViviendaController
[ERROR] /C:/Users/Tomas/Documents/Modelos de programacion/ProyectoFinal/MP_202530_G81_E5_ViviendaUniversitaria_Back/src/main/java/co/edu/udistrital/mdp/back/controllers/ViviendaController.java:[170,20] cannot find symbol
  symbol:   class IOException
  location: class co.edu.udistrital.mdp.back.controllers.ViviendaController
[ERROR] /C:/Users/Tomas/Documents/Modelos de programacion/ProyectoFinal/MP_202530_G81_E5_ViviendaUniversitaria_Back/src/main/java/co/edu/udistrital/mdp/back/controllers/ViviendaController.java:[162,57] cannot find symbol
  symbol:   variable MediaType
  location: class co.edu.udistrital.mdp.back.controllers.ViviendaController
[INFO] 4 errors 
[INFO] -------------------------------------------------------------
[INFO] ------------------------------------------------------------------------
[INFO] BUILD FAILURE
[INFO] ------------------------------------------------------------------------
[INFO] Total time:  5.530 s
[INFO] Finished at: 2025-12-09T21:03:01-05:00
[INFO] ------------------------------------------------------------------------
[ERROR] Failed to execute goal org.apache.maven.plugins:maven-compiler-plugin:3.13.0:compile (default-compile) on project MP_202530_G81_E5_ViviendaUniversitaria_Back: Compilation failure: Compilation failure: 
[ERROR] /C:/Users/Tomas/Documents/Modelos de programacion/ProyectoFinal/MP_202530_G81_E5_ViviendaUniversitaria_Back/src/main/java/co/edu/udistrital/mdp/back/controllers/ViviendaController.java:[166,35] cannot find symbol
[ERROR]   symbol:   class MultipartFile
[ERROR]   location: class co.edu.udistrital.mdp.back.controllers.ViviendaController
[ERROR] /C:/Users/Tomas/Documents/Modelos de programacion/ProyectoFinal/MP_202530_G81_E5_ViviendaUniversitaria_Back/src/main/java/co/edu/udistrital/mdp/back/controllers/ViviendaController.java:[164,12] cannot find symbol
[ERROR]   symbol:   class MultimediaDTO
[ERROR]   location: class co.edu.udistrital.mdp.back.controllers.ViviendaController
[ERROR] /C:/Users/Tomas/Documents/Modelos de programacion/ProyectoFinal/MP_202530_G81_E5_ViviendaUniversitaria_Back/src/main/java/co/edu/udistrital/mdp/back/controllers/ViviendaController.java:[170,20] cannot find symbol
[ERROR]   symbol:   class IOException
[ERROR]   location: class co.edu.udistrital.mdp.back.controllers.ViviendaController
[ERROR] /C:/Users/Tomas/Documents/Modelos de programacion/ProyectoFinal/MP_202530_G81_E5_ViviendaUniversitaria_Back/src/main/java/co/edu/udistrital/mdp/back/controllers/ViviendaController.java:[162,57] cannot find symbol
[ERROR]   symbol:   variable MediaType
[ERROR]   location: class co.edu.udistrital.mdp.back.controllers.ViviendaController
[ERROR] -> [Help 1]
[ERROR] 
[ERROR] To see the full stack trace of the errors, re-run Maven with the -e switch.
[ERROR] Re-run Maven using the -X switch to enable full debug logging.
[ERROR] 
[ERROR] For more information about the errors and possible solutions, please read the following articles:
[ERROR] [Help 1] http://cwiki.apache.org/confluence/display/MAVEN/MojoFailureException
